===== ANALYST ling3 2026-09-03 16:47:39 UTC =====
[91m[1mError: [0m{
  "name": "UnknownError",
  "data": {
    "message": "Unexpected server error. Check server logs for details.",
    "ref": "err_20304758"
  }
}
===== ANALYST ling3 2026-09-03 19:31:01 UTC =====
[91m[1mError: [0m{
  "name": "UnknownError",
  "data": {
    "message": "Unexpected server error. Check server logs for details.",
    "ref": "err_6355fc1b"
  }
}
===== ANALYST ling3 2026-09-03 21:56:14 UTC =====
[91m[1mError: [0m{
  "name": "UnknownError",
  "data": {
    "message": "Unexpected server error. Check server logs for details.",
    "ref": "err_5810e3fb"
  }
}
===== ANALYST ling3 2026-09-03 23:48:44 UTC =====
[91m[1mError: [0m{
  "name": "UnknownError",
  "data": {
    "message": "Unexpected server error. Check server logs for details.",
    "ref": "err_f50aa190"
  }
}
===== ANALYST ling3 2026-09-04 02:39:13 UTC =====
[91m[1mError: [0m{
  "name": "UnknownError",
  "data": {
    "message": "Unexpected server error. Check server logs for details.",
    "ref": "err_51b31052"
  }
}
===== ANALYST ling3 2026-09-04 07:33:52 UTC =====
[91m[1mError: [0m{
  "name": "UnknownError",
  "data": {
    "message": "Unexpected server error. Check server logs for details.",
    "ref": "err_001ab3c0"
  }
}
===== ANALYST ling3 2026-09-04 12:20:45 UTC =====
[91m[1mError: [0m{
  "name": "UnknownError",
  "data": {
    "message": "Unexpected server error. Check server logs for details.",
    "ref": "err_a2119403"
  }
}
===== ANALYST ling3 2026-09-04 16:35:45 UTC =====
[91m[1mError: [0m{
  "name": "UnknownError",
  "data": {
    "message": "Unexpected server error. Check server logs for details.",
    "ref": "err_028ac4f4"
  }
}
===== ANALYST ling3 2026-09-04 19:22:01 UTC =====
[91m[1mError: [0m{
  "name": "UnknownError",
  "data": {
    "message": "Unexpected server error. Check server logs for details.",
    "ref": "err_fa5de95e"
  }
}
===== ANALYST ling3 2026-09-04 21:36:27 UTC =====
[91m[1mError: [0m{
  "name": "UnknownError",
  "data": {
    "message": "Unexpected server error. Check server logs for details.",
    "ref": "err_2b93bb06"
  }
}
===== ANALYST ling3 2026-09-04 23:17:56 UTC =====
[91m[1mError: [0m{
  "name": "UnknownError",
  "data": {
    "message": "Unexpected server error. Check server logs for details.",
    "ref": "err_e31c157f"
  }
}
===== ANALYST ling3 2026-09-05 01:10:40 UTC =====
[91m[1mError: [0m{
  "name": "UnknownError",
  "data": {
    "message": "Unexpected server error. Check server logs for details.",
    "ref": "err_0891fadf"
  }
}
===== ANALYST ling3 2026-09-05 05:52:24 UTC =====
[91m[1mError: [0m{
  "name": "UnknownError",
  "data": {
    "message": "Unexpected server error. Check server logs for details.",
    "ref": "err_8c865a7e"
  }
}
===== ANALYST ling3 2026-09-05 09:55:04 UTC =====
[91m[1mError: [0m{
  "name": "UnknownError",
  "data": {
    "message": "Unexpected server error. Check server logs for details.",
    "ref": "err_ecf2bdf7"
  }
}
===== ANALYST ling3 2026-09-05 13:20:03 UTC =====
[91m[1mError: [0m{
  "name": "UnknownError",
  "data": {
    "message": "Unexpected server error. Check server logs for details.",
    "ref": "err_99c5af44"
  }
}
===== ANALYST ling3 2026-09-05 16:25:11 UTC =====
[91m[1mError: [0m{
  "name": "UnknownError",
  "data": {
    "message": "Unexpected server error. Check server logs for details.",
    "ref": "err_105390bc"
  }
}
===== ANALYST ling3 2026-09-05 18:29:23 UTC =====
[91m[1mError: [0m{
  "name": "UnknownError",
  "data": {
    "message": "Unexpected server error. Check server logs for details.",
    "ref": "err_11caae14"
  }
}
===== ANALYST ling3 2026-09-05 20:46:45 UTC =====
[91m[1mError: [0m{
  "name": "UnknownError",
  "data": {
    "message": "Unexpected server error. Check server logs for details.",
    "ref": "err_edcb9481"
  }
}
===== ANALYST ling3 2026-09-05 22:40:15 UTC =====
[91m[1mError: [0m{
  "name": "UnknownError",
  "data": {
    "message": "Unexpected server error. Check server logs for details.",
    "ref": "err_d693c2f1"
  }
}
===== ANALYST ling3 2026-09-06 00:18:57 UTC =====
[91m[1mError: [0m{
  "name": "UnknownError",
  "data": {
    "message": "Unexpected server error. Check server logs for details.",
    "ref": "err_2f16c92f"
  }
}
===== ANALYST ling3 2026-09-06 04:48:50 UTC =====
[91m[1mError: [0m{
  "name": "UnknownError",
  "data": {
    "message": "Unexpected server error. Check server logs for details.",
    "ref": "err_1d98a8fb"
  }
}
===== ANALYST ling3 2026-09-06 09:11:58 UTC =====
[91m[1mError: [0m{
  "name": "UnknownError",
  "data": {
    "message": "Unexpected server error. Check server logs for details.",
    "ref": "err_3eb9a206"
  }
}
===== ANALYST ling3 2026-09-06 12:57:34 UTC =====
[91m[1mError: [0m{
  "name": "UnknownError",
  "data": {
    "message": "Unexpected server error. Check server logs for details.",
    "ref": "err_cc64543c"
  }
}
===== ANALYST ling3 2026-09-06 16:13:10 UTC =====
[91m[1mError: [0m{
  "name": "UnknownError",
  "data": {
    "message": "Unexpected server error. Check server logs for details.",
    "ref": "err_8b219e6d"
  }
}
===== ANALYST ling3 2026-09-06 18:10:57 UTC =====
[91m[1mError: [0m{
  "name": "UnknownError",
  "data": {
    "message": "Unexpected server error. Check server logs for details.",
    "ref": "err_947667c6"
  }
}
===== ANALYST ling3 2026-09-06 20:31:22 UTC =====
[91m[1mError: [0m{
  "name": "UnknownError",
  "data": {
    "message": "Unexpected server error. Check server logs for details.",
    "ref": "err_1f58d233"
  }
}
===== ANALYST ling3 2026-09-06 22:22:42 UTC =====
[91m[1mError: [0m{
  "name": "UnknownError",
  "data": {
    "message": "Unexpected server error. Check server logs for details.",
    "ref": "err_89dd2559"
  }
}
===== ANALYST ling3 2026-09-07 00:06:42 UTC =====
[91m[1mError: [0m{
  "name": "UnknownError",
  "data": {
    "message": "Unexpected server error. Check server logs for details.",
    "ref": "err_6aac09fe"
  }
}
===== ANALYST ling3 2026-09-07 04:51:00 UTC =====
[91m[1mError: [0m{
  "name": "UnknownError",
  "data": {
    "message": "Unexpected server error. Check server logs for details.",
    "ref": "err_a4ba8dd6"
  }
}
===== ANALYST ling3 2026-09-07 10:02:18 UTC =====
[91m[1mError: [0m{
  "name": "UnknownError",
  "data": {
    "message": "Unexpected server error. Check server logs for details.",
    "ref": "err_9c182a24"
  }
}
===== ANALYST ling3 2026-09-07 15:34:53 UTC =====
[91m[1mError: [0m{
  "name": "UnknownError",
  "data": {
    "message": "Unexpected server error. Check server logs for details.",
    "ref": "err_18882ead"
  }
}
===== ANALYST ling3 2026-09-07 19:39:03 UTC =====
[91m[1mError: [0m{
  "name": "UnknownError",
  "data": {
    "message": "Unexpected server error. Check server logs for details.",
    "ref": "err_cafaffea"
  }
}
===== ANALYST ling3 2026-09-07 22:19:51 UTC =====
[91m[1mError: [0m{
  "name": "UnknownError",
  "data": {
    "message": "Unexpected server error. Check server logs for details.",
    "ref": "err_b19d97e6"
  }
}
===== ANALYST ling3 2026-09-08 00:32:56 UTC =====
[91m[1mError: [0m{
  "name": "UnknownError",
  "data": {
    "message": "Unexpected server error. Check server logs for details.",
    "ref": "err_518cb040"
  }
}
===== ANALYST ling3 2026-09-08 05:24:16 UTC =====
[91m[1mError: [0m{
  "name": "UnknownError",
  "data": {
    "message": "Unexpected server error. Check server logs for details.",
    "ref": "err_0bd852cb"
  }
}
===== ANALYST ling3 2026-09-08 09:52:04 UTC =====
[91m[1mError: [0m{
  "name": "UnknownError",
  "data": {
    "message": "Unexpected server error. Check server logs for details.",
    "ref": "err_96925bbc"
  }
}
===== ANALYST ling3 2026-09-08 14:12:07 UTC =====
[91m[1mError: [0m{
  "name": "UnknownError",
  "data": {
    "message": "Unexpected server error. Check server logs for details.",
    "ref": "err_5bec9736"
  }
}
===== ANALYST ling3 2026-09-08 18:07:22 UTC =====
[91m[1mError: [0m{
  "name": "UnknownError",
  "data": {
    "message": "Unexpected server error. Check server logs for details.",
    "ref": "err_948adc0d"
  }
}
===== ANALYST ling3 2026-09-08 20:50:05 UTC =====
[91m[1mError: [0m{
  "name": "UnknownError",
  "data": {
    "message": "Unexpected server error. Check server logs for details.",
    "ref": "err_22b3a69c"
  }
}
===== ANALYST ling3 2026-09-08 23:13:13 UTC =====
[91m[1mError: [0m{
  "name": "UnknownError",
  "data": {
    "message": "Unexpected server error. Check server logs for details.",
    "ref": "err_400e2158"
  }
}
===== ANALYST ling3 2026-09-09 01:32:29 UTC =====
[91m[1mError: [0m{
  "name": "UnknownError",
  "data": {
    "message": "Unexpected server error. Check server logs for details.",
    "ref": "err_f64edd0f"
  }
}
===== ANALYST ling3 2026-09-09 06:18:35 UTC =====
[91m[1mError: [0m{
  "name": "UnknownError",
  "data": {
    "message": "Unexpected server error. Check server logs for details.",
    "ref": "err_cca79b60"
  }
}
===== ANALYST ling3 2026-09-09 11:47:32 UTC =====
[91m[1mError: [0m{
  "name": "UnknownError",
  "data": {
    "message": "Unexpected server error. Check server logs for details.",
    "ref": "err_c1743861"
  }
}
===== ANALYST ling3 2026-09-09 15:23:51 UTC =====
[91m[1mError: [0m{
  "name": "UnknownError",
  "data": {
    "message": "Unexpected server error. Check server logs for details.",
    "ref": "err_69d4e85f"
  }
}
===== ANALYST ling3 2026-09-09 18:41:59 UTC =====
[91m[1mError: [0m{
  "name": "UnknownError",
  "data": {
    "message": "Unexpected server error. Check server logs for details.",
    "ref": "err_15ab25b6"
  }
}
===== ANALYST ling3 2026-09-09 21:31:43 UTC =====
[91m[1mError: [0m{
  "name": "UnknownError",
  "data": {
    "message": "Unexpected server error. Check server logs for details.",
    "ref": "err_a9aefe11"
  }
}
===== ANALYST ling3 2026-09-09 23:32:50 UTC =====
[91m[1mError: [0m{
  "name": "UnknownError",
  "data": {
    "message": "Unexpected server error. Check server logs for details.",
    "ref": "err_4faf8748"
  }
}
===== ANALYST ling3 2026-09-10 01:31:32 UTC =====
[91m[1mError: [0m{
  "name": "UnknownError",
  "data": {
    "message": "Unexpected server error. Check server logs for details.",
    "ref": "err_3773283b"
  }
}
===== ANALYST ling3 2026-09-10 06:45:27 UTC =====
[91m[1mError: [0m{
  "name": "UnknownError",
  "data": {
    "message": "Unexpected server error. Check server logs for details.",
    "ref": "err_57628f19"
  }
}
===== ANALYST ling3 2026-09-10 11:52:07 UTC =====
[91m[1mError: [0m{
  "name": "UnknownError",
  "data": {
    "message": "Unexpected server error. Check server logs for details.",
    "ref": "err_b81a6b93"
  }
}
===== ANALYST ling3 2026-09-10 15:50:34 UTC =====
[91m[1mError: [0m{
  "name": "UnknownError",
  "data": {
    "message": "Unexpected server error. Check server logs for details.",
    "ref": "err_97128880"
  }
}
===== ANALYST ling3 2026-09-10 18:56:35 UTC =====
[91m[1mError: [0m{
  "name": "UnknownError",
  "data": {
    "message": "Unexpected server error. Check server logs for details.",
    "ref": "err_feebac49"
  }
}
===== ANALYST ling3 2026-09-10 21:22:08 UTC =====
[91m[1mError: [0m{
  "name": "UnknownError",
  "data": {
    "message": "Unexpected server error. Check server logs for details.",
    "ref": "err_9ff20b2a"
  }
}
===== ANALYST ling3 2026-09-10 23:25:25 UTC =====
[91m[1mError: [0m{
  "name": "UnknownError",
  "data": {
    "message": "Unexpected server error. Check server logs for details.",
    "ref": "err_b8fab7e7"
  }
}
===== ANALYST ling3 2026-09-11 01:29:52 UTC =====
[91m[1mError: [0m{
  "name": "UnknownError",
  "data": {
    "message": "Unexpected server error. Check server logs for details.",
    "ref": "err_27052a70"
  }
}
===== ANALYST ling3 2026-09-11 06:38:04 UTC =====
[91m[1mError: [0m{
  "name": "UnknownError",
  "data": {
    "message": "Unexpected server error. Check server logs for details.",
    "ref": "err_5b86c4a2"
  }
}
===== ANALYST ling3 2026-09-11 11:57:39 UTC =====
[91m[1mError: [0m{
  "name": "UnknownError",
  "data": {
    "message": "Unexpected server error. Check server logs for details.",
    "ref": "err_5b2efaa6"
  }
}
===== ANALYST ling3 2026-09-11 15:52:39 UTC =====
[91m[1mError: [0m{
  "name": "UnknownError",
  "data": {
    "message": "Unexpected server error. Check server logs for details.",
    "ref": "err_9b52f96b"
  }
}
===== ANALYST ling3 2026-09-11 19:06:14 UTC =====
[91m[1mError: [0m{
  "name": "UnknownError",
  "data": {
    "message": "Unexpected server error. Check server logs for details.",
    "ref": "err_657ab782"
  }
}
===== ANALYST ling3 2026-09-11 21:37:12 UTC =====
[91m[1mError: [0m{
  "name": "UnknownError",
  "data": {
    "message": "Unexpected server error. Check server logs for details.",
    "ref": "err_9dd2d9a3"
  }
}
===== ANALYST ling3 2026-09-11 23:32:31 UTC =====
[91m[1mError: [0m{
  "name": "UnknownError",
  "data": {
    "message": "Unexpected server error. Check server logs for details.",
    "ref": "err_ae82d446"
  }
}
===== ANALYST ling3 2026-09-12 01:34:16 UTC =====
[91m[1mError: [0m{
  "name": "UnknownError",
  "data": {
    "message": "Unexpected server error. Check server logs for details.",
    "ref": "err_81b0d497"
  }
}
===== ANALYST ling3 2026-09-12 06:34:07 UTC =====
[91m[1mError: [0m{
  "name": "UnknownError",
  "data": {
    "message": "Unexpected server error. Check server logs for details.",
    "ref": "err_841597e2"
  }
}
===== ANALYST ling3 2026-09-12 11:18:33 UTC =====
[91m[1mError: [0m{
  "name": "UnknownError",
  "data": {
    "message": "Unexpected server error. Check server logs for details.",
    "ref": "err_4249838e"
  }
}
===== ANALYST ling3 2026-09-12 14:18:12 UTC =====
[91m[1mError: [0m{
  "name": "UnknownError",
  "data": {
    "message": "Unexpected server error. Check server logs for details.",
    "ref": "err_6cd16af5"
  }
}
===== ANALYST ling3 2026-09-12 17:20:34 UTC =====
[91m[1mError: [0m{
  "name": "UnknownError",
  "data": {
    "message": "Unexpected server error. Check server logs for details.",
    "ref": "err_7d7c401a"
  }
}
===== ANALYST ling3 2026-09-12 19:29:57 UTC =====
[91m[1mError: [0m{
  "name": "UnknownError",
  "data": {
    "message": "Unexpected server error. Check server logs for details.",
    "ref": "err_2f1c0541"
  }
}
===== ANALYST ling3 2026-09-12 21:38:04 UTC =====
[91m[1mError: [0m{
  "name": "UnknownError",
  "data": {
    "message": "Unexpected server error. Check server logs for details.",
    "ref": "err_9aba40de"
  }
}
===== ANALYST ling3 2026-09-12 23:20:14 UTC =====
[91m[1mError: [0m{
  "name": "UnknownError",
  "data": {
    "message": "Unexpected server error. Check server logs for details.",
    "ref": "err_a90228a2"
  }
}
===== ANALYST ling3 2026-09-13 01:15:44 UTC =====
[91m[1mError: [0m{
  "name": "UnknownError",
  "data": {
    "message": "Unexpected server error. Check server logs for details.",
    "ref": "err_34a909b0"
  }
}
===== ANALYST ling3 2026-09-13 06:33:03 UTC =====
[91m[1mError: [0m{
  "name": "UnknownError",
  "data": {
    "message": "Unexpected server error. Check server logs for details.",
    "ref": "err_0600d3cb"
  }
}
===== ANALYST ling3 2026-09-13 12:05:34 UTC =====
[91m[1mError: [0m{
  "name": "UnknownError",
  "data": {
    "message": "Unexpected server error. Check server logs for details.",
    "ref": "err_920fa64e"
  }
}
===== ANALYST ling3 2026-09-13 15:54:55 UTC =====
[91m[1mError: [0m{
  "name": "UnknownError",
  "data": {
    "message": "Unexpected server error. Check server logs for details.",
    "ref": "err_18cd5371"
  }
}
===== ANALYST ling3 2026-09-13 18:39:24 UTC =====
[91m[1mError: [0m{
  "name": "UnknownError",
  "data": {
    "message": "Unexpected server error. Check server logs for details.",
    "ref": "err_64302424"
  }
}
===== ANALYST ling3 2026-09-13 21:13:52 UTC =====
[91m[1mError: [0m{
  "name": "UnknownError",
  "data": {
    "message": "Unexpected server error. Check server logs for details.",
    "ref": "err_a4ba079d"
  }
}
===== ANALYST ling3 2026-09-13 23:18:10 UTC =====
[91m[1mError: [0m{
  "name": "UnknownError",
  "data": {
    "message": "Unexpected server error. Check server logs for details.",
    "ref": "err_e8fc377f"
  }
}
===== ANALYST ling3 2026-09-14 01:18:27 UTC =====
[91m[1mError: [0m{
  "name": "UnknownError",
  "data": {
    "message": "Unexpected server error. Check server logs for details.",
    "ref": "err_47e705fa"
  }
}
===== ANALYST ling3 2026-09-14 06:26:54 UTC =====
[91m[1mError: [0m{
  "name": "UnknownError",
  "data": {
    "message": "Unexpected server error. Check server logs for details.",
    "ref": "err_2b4d480a"
  }
}
===== ANALYST ling3 2026-09-14 13:22:35 UTC =====
[91m[1mError: [0m{
  "name": "UnknownError",
  "data": {
    "message": "Unexpected server error. Check server logs for details.",
    "ref": "err_b15489bf"
  }
}
===== ANALYST ling3 2026-09-14 19:02:12 UTC =====
[91m[1mError: [0m{
  "name": "UnknownError",
  "data": {
    "message": "Unexpected server error. Check server logs for details.",
    "ref": "err_8d88d508"
  }
}
===== ANALYST ling3 2026-09-14 22:19:22 UTC =====
[91m[1mError: [0m{
  "name": "UnknownError",
  "data": {
    "message": "Unexpected server error. Check server logs for details.",
    "ref": "err_f40cffb3"
  }
}
===== ANALYST ling3 2026-09-15 00:46:13 UTC =====
[91m[1mError: [0m{
  "name": "UnknownError",
  "data": {
    "message": "Unexpected server error. Check server logs for details.",
    "ref": "err_fee7ab50"
  }
}
===== ANALYST ling3 2026-09-15 05:46:28 UTC =====
[91m[1mError: [0m{
  "name": "UnknownError",
  "data": {
    "message": "Unexpected server error. Check server logs for details.",
    "ref": "err_71e0da9d"
  }
}
===== ANALYST ling3 2026-09-15 11:05:41 UTC =====
[91m[1mError: [0m{
  "name": "UnknownError",
  "data": {
    "message": "Unexpected server error. Check server logs for details.",
    "ref": "err_afb28b3a"
  }
}
===== ANALYST ling3 2026-09-15 15:36:23 UTC =====
[91m[1mError: [0m{
  "name": "UnknownError",
  "data": {
    "message": "Unexpected server error. Check server logs for details.",
    "ref": "err_35c9900d"
  }
}
===== ANALYST ling3 2026-09-15 19:23:48 UTC =====
[91m[1mError: [0m{
  "name": "UnknownError",
  "data": {
    "message": "Unexpected server error. Check server logs for details.",
    "ref": "err_3db6fca7"
  }
}
===== ANALYST ling3 2026-09-15 22:21:50 UTC =====
[91m[1mError: [0m{
  "name": "UnknownError",
  "data": {
    "message": "Unexpected server error. Check server logs for details.",
    "ref": "err_651ecd30"
  }
}
===== ANALYST ling3 2026-09-16 00:29:10 UTC =====
[91m[1mError: [0m{
  "name": "UnknownError",
  "data": {
    "message": "Unexpected server error. Check server logs for details.",
    "ref": "err_83075f60"
  }
}
===== ANALYST ling3 2026-09-16 05:13:28 UTC =====
[91m[1mError: [0m{
  "name": "UnknownError",
  "data": {
    "message": "Unexpected server error. Check server logs for details.",
    "ref": "err_7b093a11"
  }
}
===== ANALYST ling3 2026-09-16 10:02:31 UTC =====
[91m[1mError: [0m{
  "name": "UnknownError",
  "data": {
    "message": "Unexpected server error. Check server logs for details.",
    "ref": "err_6ccd114b"
  }
}
===== ANALYST ling3 2026-09-16 15:00:33 UTC =====
[91m[1mError: [0m{
  "name": "UnknownError",
  "data": {
    "message": "Unexpected server error. Check server logs for details.",
    "ref": "err_fa5b22eb"
  }
}
===== ANALYST ling3 2026-09-16 18:56:56 UTC =====
[91m[1mError: [0m{
  "name": "UnknownError",
  "data": {
    "message": "Unexpected server error. Check server logs for details.",
    "ref": "err_aac077c3"
  }
}
===== ANALYST ling3 2026-09-16 21:42:38 UTC =====
[91m[1mError: [0m{
  "name": "UnknownError",
  "data": {
    "message": "Unexpected server error. Check server logs for details.",
    "ref": "err_6eded645"
  }
}
===== ANALYST ling3 2026-09-17 00:03:01 UTC =====
[91m[1mError: [0m{
  "name": "UnknownError",
  "data": {
    "message": "Unexpected server error. Check server logs for details.",
    "ref": "err_ee8515c3"
  }
}
===== ANALYST ling3 2026-09-17 05:00:58 UTC =====
[91m[1mError: [0m{
  "name": "UnknownError",
  "data": {
    "message": "Unexpected server error. Check server logs for details.",
    "ref": "err_327511e5"
  }
}
===== ANALYST ling3 2026-09-17 09:55:11 UTC =====
[91m[1mError: [0m{
  "name": "UnknownError",
  "data": {
    "message": "Unexpected server error. Check server logs for details.",
    "ref": "err_731c913d"
  }
}
===== ANALYST ling3 2026-09-17 14:42:26 UTC =====
[91m[1mError: [0m{
  "name": "UnknownError",
  "data": {
    "message": "Unexpected server error. Check server logs for details.",
    "ref": "err_d9230e07"
  }
}
