===== ANALYST laguna 2026-09-03 16:47:39 UTC =====
[91m[1mError: [0m{
  "name": "UnknownError",
  "data": {
    "message": "Unexpected server error. Check server logs for details.",
    "ref": "err_cfb10677"
  }
}
===== ANALYST laguna 2026-09-03 19:31:01 UTC =====
[91m[1mError: [0m{
  "name": "UnknownError",
  "data": {
    "message": "Unexpected server error. Check server logs for details.",
    "ref": "err_10108d05"
  }
}
===== ANALYST laguna 2026-09-03 21:56:14 UTC =====
[91m[1mError: [0m{
  "name": "UnknownError",
  "data": {
    "message": "Unexpected server error. Check server logs for details.",
    "ref": "err_e23391b7"
  }
}
===== ANALYST laguna 2026-09-03 23:48:44 UTC =====
[91m[1mError: [0m{
  "name": "UnknownError",
  "data": {
    "message": "Unexpected server error. Check server logs for details.",
    "ref": "err_a27e1f68"
  }
}
===== ANALYST laguna 2026-09-04 02:39:13 UTC =====
[91m[1mError: [0m{
  "name": "UnknownError",
  "data": {
    "message": "Unexpected server error. Check server logs for details.",
    "ref": "err_f9b70c9b"
  }
}
===== ANALYST laguna 2026-09-04 07:33:52 UTC =====
[91m[1mError: [0m{
  "name": "UnknownError",
  "data": {
    "message": "Unexpected server error. Check server logs for details.",
    "ref": "err_ab5a2727"
  }
}
===== ANALYST laguna 2026-09-04 12:20:45 UTC =====
[91m[1mError: [0m{
  "name": "UnknownError",
  "data": {
    "message": "Unexpected server error. Check server logs for details.",
    "ref": "err_14fb2dbc"
  }
}
===== ANALYST laguna 2026-09-04 16:35:45 UTC =====
[91m[1mError: [0m{
  "name": "UnknownError",
  "data": {
    "message": "Unexpected server error. Check server logs for details.",
    "ref": "err_76ecbb13"
  }
}
===== ANALYST laguna 2026-09-04 19:22:01 UTC =====
[91m[1mError: [0m{
  "name": "UnknownError",
  "data": {
    "message": "Unexpected server error. Check server logs for details.",
    "ref": "err_a2006f15"
  }
}
===== ANALYST laguna 2026-09-04 21:36:27 UTC =====
[91m[1mError: [0m{
  "name": "UnknownError",
  "data": {
    "message": "Unexpected server error. Check server logs for details.",
    "ref": "err_68d6e466"
  }
}
===== ANALYST laguna 2026-09-04 23:17:56 UTC =====
[91m[1mError: [0m{
  "name": "UnknownError",
  "data": {
    "message": "Unexpected server error. Check server logs for details.",
    "ref": "err_072157e4"
  }
}
===== ANALYST laguna 2026-09-05 01:10:40 UTC =====
[91m[1mError: [0m{
  "name": "UnknownError",
  "data": {
    "message": "Unexpected server error. Check server logs for details.",
    "ref": "err_0825a691"
  }
}
===== ANALYST laguna 2026-09-05 05:52:24 UTC =====
[91m[1mError: [0m{
  "name": "UnknownError",
  "data": {
    "message": "Unexpected server error. Check server logs for details.",
    "ref": "err_62755c6b"
  }
}
===== ANALYST laguna 2026-09-05 09:55:04 UTC =====
[91m[1mError: [0m{
  "name": "UnknownError",
  "data": {
    "message": "Unexpected server error. Check server logs for details.",
    "ref": "err_8d3a5f25"
  }
}
===== ANALYST laguna 2026-09-05 13:20:03 UTC =====
[91m[1mError: [0m{
  "name": "UnknownError",
  "data": {
    "message": "Unexpected server error. Check server logs for details.",
    "ref": "err_8e5847d2"
  }
}
===== ANALYST laguna 2026-09-05 16:25:11 UTC =====
[91m[1mError: [0m{
  "name": "UnknownError",
  "data": {
    "message": "Unexpected server error. Check server logs for details.",
    "ref": "err_771b3520"
  }
}
===== ANALYST laguna 2026-09-05 18:29:23 UTC =====
[91m[1mError: [0m{
  "name": "UnknownError",
  "data": {
    "message": "Unexpected server error. Check server logs for details.",
    "ref": "err_3f7c80f5"
  }
}
===== ANALYST laguna 2026-09-05 20:46:45 UTC =====
[91m[1mError: [0m{
  "name": "UnknownError",
  "data": {
    "message": "Unexpected server error. Check server logs for details.",
    "ref": "err_723dfc54"
  }
}
===== ANALYST laguna 2026-09-05 22:40:15 UTC =====
[91m[1mError: [0m{
  "name": "UnknownError",
  "data": {
    "message": "Unexpected server error. Check server logs for details.",
    "ref": "err_1ad4ea45"
  }
}
===== ANALYST laguna 2026-09-06 00:18:57 UTC =====
[91m[1mError: [0m{
  "name": "UnknownError",
  "data": {
    "message": "Unexpected server error. Check server logs for details.",
    "ref": "err_f28b3ac1"
  }
}
===== ANALYST laguna 2026-09-06 04:48:50 UTC =====
[91m[1mError: [0m{
  "name": "UnknownError",
  "data": {
    "message": "Unexpected server error. Check server logs for details.",
    "ref": "err_22692ffe"
  }
}
===== ANALYST laguna 2026-09-06 09:11:58 UTC =====
[91m[1mError: [0m{
  "name": "UnknownError",
  "data": {
    "message": "Unexpected server error. Check server logs for details.",
    "ref": "err_278e1bab"
  }
}
===== ANALYST laguna 2026-09-06 12:57:34 UTC =====
[91m[1mError: [0m{
  "name": "UnknownError",
  "data": {
    "message": "Unexpected server error. Check server logs for details.",
    "ref": "err_c625b283"
  }
}
===== ANALYST laguna 2026-09-06 16:13:10 UTC =====
[91m[1mError: [0m{
  "name": "UnknownError",
  "data": {
    "message": "Unexpected server error. Check server logs for details.",
    "ref": "err_269f0f53"
  }
}
===== ANALYST laguna 2026-09-06 18:10:57 UTC =====
[91m[1mError: [0m{
  "name": "UnknownError",
  "data": {
    "message": "Unexpected server error. Check server logs for details.",
    "ref": "err_28c66997"
  }
}
===== ANALYST laguna 2026-09-06 20:31:22 UTC =====
[91m[1mError: [0m{
  "name": "UnknownError",
  "data": {
    "message": "Unexpected server error. Check server logs for details.",
    "ref": "err_35f41c87"
  }
}
===== ANALYST laguna 2026-09-06 22:22:42 UTC =====
[91m[1mError: [0m{
  "name": "UnknownError",
  "data": {
    "message": "Unexpected server error. Check server logs for details.",
    "ref": "err_61bebbd8"
  }
}
===== ANALYST laguna 2026-09-07 00:06:42 UTC =====
[91m[1mError: [0m{
  "name": "UnknownError",
  "data": {
    "message": "Unexpected server error. Check server logs for details.",
    "ref": "err_488c1ae3"
  }
}
===== ANALYST laguna 2026-09-07 04:51:00 UTC =====
[91m[1mError: [0m{
  "name": "UnknownError",
  "data": {
    "message": "Unexpected server error. Check server logs for details.",
    "ref": "err_1465f154"
  }
}
===== ANALYST laguna 2026-09-07 10:02:18 UTC =====
[91m[1mError: [0m{
  "name": "UnknownError",
  "data": {
    "message": "Unexpected server error. Check server logs for details.",
    "ref": "err_9598c466"
  }
}
===== ANALYST laguna 2026-09-07 15:34:53 UTC =====
[91m[1mError: [0m{
  "name": "UnknownError",
  "data": {
    "message": "Unexpected server error. Check server logs for details.",
    "ref": "err_0daad0d4"
  }
}
===== ANALYST laguna 2026-09-07 19:39:03 UTC =====
[91m[1mError: [0m{
  "name": "UnknownError",
  "data": {
    "message": "Unexpected server error. Check server logs for details.",
    "ref": "err_af6186c7"
  }
}
===== ANALYST laguna 2026-09-07 22:19:51 UTC =====
[91m[1mError: [0m{
  "name": "UnknownError",
  "data": {
    "message": "Unexpected server error. Check server logs for details.",
    "ref": "err_485da96d"
  }
}
===== ANALYST laguna 2026-09-08 00:32:56 UTC =====
[91m[1mError: [0m{
  "name": "UnknownError",
  "data": {
    "message": "Unexpected server error. Check server logs for details.",
    "ref": "err_10220e1f"
  }
}
===== ANALYST laguna 2026-09-08 05:24:16 UTC =====
[91m[1mError: [0m{
  "name": "UnknownError",
  "data": {
    "message": "Unexpected server error. Check server logs for details.",
    "ref": "err_2a34e4fc"
  }
}
===== ANALYST laguna 2026-09-08 09:52:04 UTC =====
[91m[1mError: [0m{
  "name": "UnknownError",
  "data": {
    "message": "Unexpected server error. Check server logs for details.",
    "ref": "err_148ca7a8"
  }
}
===== ANALYST laguna 2026-09-08 14:12:07 UTC =====
[91m[1mError: [0m{
  "name": "UnknownError",
  "data": {
    "message": "Unexpected server error. Check server logs for details.",
    "ref": "err_6fd03a48"
  }
}
===== ANALYST laguna 2026-09-08 18:07:22 UTC =====
[91m[1mError: [0m{
  "name": "UnknownError",
  "data": {
    "message": "Unexpected server error. Check server logs for details.",
    "ref": "err_209ecdf2"
  }
}
===== ANALYST laguna 2026-09-08 20:50:05 UTC =====
[91m[1mError: [0m{
  "name": "UnknownError",
  "data": {
    "message": "Unexpected server error. Check server logs for details.",
    "ref": "err_477f3dc1"
  }
}
===== ANALYST laguna 2026-09-08 23:13:13 UTC =====
[91m[1mError: [0m{
  "name": "UnknownError",
  "data": {
    "message": "Unexpected server error. Check server logs for details.",
    "ref": "err_89157d4b"
  }
}
===== ANALYST laguna 2026-09-09 01:32:29 UTC =====
[91m[1mError: [0m{
  "name": "UnknownError",
  "data": {
    "message": "Unexpected server error. Check server logs for details.",
    "ref": "err_bb5e5282"
  }
}
===== ANALYST laguna 2026-09-09 06:18:35 UTC =====
[91m[1mError: [0m{
  "name": "UnknownError",
  "data": {
    "message": "Unexpected server error. Check server logs for details.",
    "ref": "err_be319b9a"
  }
}
===== ANALYST laguna 2026-09-09 11:47:32 UTC =====
[91m[1mError: [0m{
  "name": "UnknownError",
  "data": {
    "message": "Unexpected server error. Check server logs for details.",
    "ref": "err_e70e72f3"
  }
}
===== ANALYST laguna 2026-09-09 15:23:51 UTC =====
[91m[1mError: [0m{
  "name": "UnknownError",
  "data": {
    "message": "Unexpected server error. Check server logs for details.",
    "ref": "err_ace5e99a"
  }
}
===== ANALYST laguna 2026-09-09 18:41:59 UTC =====
[91m[1mError: [0m{
  "name": "UnknownError",
  "data": {
    "message": "Unexpected server error. Check server logs for details.",
    "ref": "err_3219f5df"
  }
}
===== ANALYST laguna 2026-09-09 21:31:43 UTC =====
[91m[1mError: [0m{
  "name": "UnknownError",
  "data": {
    "message": "Unexpected server error. Check server logs for details.",
    "ref": "err_c1230cd8"
  }
}
===== ANALYST laguna 2026-09-09 23:32:50 UTC =====
[91m[1mError: [0m{
  "name": "UnknownError",
  "data": {
    "message": "Unexpected server error. Check server logs for details.",
    "ref": "err_5d2aa459"
  }
}
===== ANALYST laguna 2026-09-10 01:31:32 UTC =====
[91m[1mError: [0m{
  "name": "UnknownError",
  "data": {
    "message": "Unexpected server error. Check server logs for details.",
    "ref": "err_6aa882ba"
  }
}
===== ANALYST laguna 2026-09-10 06:45:27 UTC =====
[91m[1mError: [0m{
  "name": "UnknownError",
  "data": {
    "message": "Unexpected server error. Check server logs for details.",
    "ref": "err_3ac22bde"
  }
}
===== ANALYST laguna 2026-09-10 11:52:07 UTC =====
[91m[1mError: [0m{
  "name": "UnknownError",
  "data": {
    "message": "Unexpected server error. Check server logs for details.",
    "ref": "err_8d8e076d"
  }
}
===== ANALYST laguna 2026-09-10 15:50:34 UTC =====
[91m[1mError: [0m{
  "name": "UnknownError",
  "data": {
    "message": "Unexpected server error. Check server logs for details.",
    "ref": "err_bcb0cc6e"
  }
}
===== ANALYST laguna 2026-09-10 18:56:35 UTC =====
[91m[1mError: [0m{
  "name": "UnknownError",
  "data": {
    "message": "Unexpected server error. Check server logs for details.",
    "ref": "err_de048620"
  }
}
===== ANALYST laguna 2026-09-10 21:22:08 UTC =====
[91m[1mError: [0m{
  "name": "UnknownError",
  "data": {
    "message": "Unexpected server error. Check server logs for details.",
    "ref": "err_1a6a1812"
  }
}
===== ANALYST laguna 2026-09-10 23:25:25 UTC =====
[91m[1mError: [0m{
  "name": "UnknownError",
  "data": {
    "message": "Unexpected server error. Check server logs for details.",
    "ref": "err_73a653be"
  }
}
===== ANALYST laguna 2026-09-11 01:29:52 UTC =====
[91m[1mError: [0m{
  "name": "UnknownError",
  "data": {
    "message": "Unexpected server error. Check server logs for details.",
    "ref": "err_4a271ea4"
  }
}
===== ANALYST laguna 2026-09-11 06:38:04 UTC =====
[91m[1mError: [0m{
  "name": "UnknownError",
  "data": {
    "message": "Unexpected server error. Check server logs for details.",
    "ref": "err_50ead51b"
  }
}
===== ANALYST laguna 2026-09-11 11:57:39 UTC =====
[91m[1mError: [0m{
  "name": "UnknownError",
  "data": {
    "message": "Unexpected server error. Check server logs for details.",
    "ref": "err_f9d6bdff"
  }
}
===== ANALYST laguna 2026-09-11 15:52:39 UTC =====
[91m[1mError: [0m{
  "name": "UnknownError",
  "data": {
    "message": "Unexpected server error. Check server logs for details.",
    "ref": "err_e4469198"
  }
}
===== ANALYST laguna 2026-09-11 19:06:14 UTC =====
[91m[1mError: [0m{
  "name": "UnknownError",
  "data": {
    "message": "Unexpected server error. Check server logs for details.",
    "ref": "err_d35a3866"
  }
}
===== ANALYST laguna 2026-09-11 21:37:12 UTC =====
[91m[1mError: [0m{
  "name": "UnknownError",
  "data": {
    "message": "Unexpected server error. Check server logs for details.",
    "ref": "err_7a75dd7c"
  }
}
===== ANALYST laguna 2026-09-11 23:32:31 UTC =====
[91m[1mError: [0m{
  "name": "UnknownError",
  "data": {
    "message": "Unexpected server error. Check server logs for details.",
    "ref": "err_d768e5cf"
  }
}
===== ANALYST laguna 2026-09-12 01:34:16 UTC =====
[91m[1mError: [0m{
  "name": "UnknownError",
  "data": {
    "message": "Unexpected server error. Check server logs for details.",
    "ref": "err_6e488458"
  }
}
===== ANALYST laguna 2026-09-12 06:34:07 UTC =====
[91m[1mError: [0m{
  "name": "UnknownError",
  "data": {
    "message": "Unexpected server error. Check server logs for details.",
    "ref": "err_42e3e088"
  }
}
===== ANALYST laguna 2026-09-12 11:18:33 UTC =====
[91m[1mError: [0m{
  "name": "UnknownError",
  "data": {
    "message": "Unexpected server error. Check server logs for details.",
    "ref": "err_292ac275"
  }
}
===== ANALYST laguna 2026-09-12 14:18:12 UTC =====
[91m[1mError: [0m{
  "name": "UnknownError",
  "data": {
    "message": "Unexpected server error. Check server logs for details.",
    "ref": "err_67483661"
  }
}
===== ANALYST laguna 2026-09-12 17:20:34 UTC =====
[91m[1mError: [0m{
  "name": "UnknownError",
  "data": {
    "message": "Unexpected server error. Check server logs for details.",
    "ref": "err_c3c4da6e"
  }
}
===== ANALYST laguna 2026-09-12 19:29:57 UTC =====
[91m[1mError: [0m{
  "name": "UnknownError",
  "data": {
    "message": "Unexpected server error. Check server logs for details.",
    "ref": "err_f34296c7"
  }
}
===== ANALYST laguna 2026-09-12 21:38:04 UTC =====
[91m[1mError: [0m{
  "name": "UnknownError",
  "data": {
    "message": "Unexpected server error. Check server logs for details.",
    "ref": "err_370b1f6a"
  }
}
===== ANALYST laguna 2026-09-12 23:20:14 UTC =====
[91m[1mError: [0m{
  "name": "UnknownError",
  "data": {
    "message": "Unexpected server error. Check server logs for details.",
    "ref": "err_ae14e2fc"
  }
}
===== ANALYST laguna 2026-09-13 01:15:44 UTC =====
[91m[1mError: [0m{
  "name": "UnknownError",
  "data": {
    "message": "Unexpected server error. Check server logs for details.",
    "ref": "err_53dc1e4d"
  }
}
===== ANALYST laguna 2026-09-13 06:33:03 UTC =====
[91m[1mError: [0m{
  "name": "UnknownError",
  "data": {
    "message": "Unexpected server error. Check server logs for details.",
    "ref": "err_98e79f29"
  }
}
===== ANALYST laguna 2026-09-13 12:05:34 UTC =====
[91m[1mError: [0m{
  "name": "UnknownError",
  "data": {
    "message": "Unexpected server error. Check server logs for details.",
    "ref": "err_efd04c85"
  }
}
===== ANALYST laguna 2026-09-13 15:54:55 UTC =====
[91m[1mError: [0m{
  "name": "UnknownError",
  "data": {
    "message": "Unexpected server error. Check server logs for details.",
    "ref": "err_fabd6d9b"
  }
}
===== ANALYST laguna 2026-09-13 18:39:24 UTC =====
[91m[1mError: [0m{
  "name": "UnknownError",
  "data": {
    "message": "Unexpected server error. Check server logs for details.",
    "ref": "err_67fd05d7"
  }
}
===== ANALYST laguna 2026-09-13 21:13:52 UTC =====
[91m[1mError: [0m{
  "name": "UnknownError",
  "data": {
    "message": "Unexpected server error. Check server logs for details.",
    "ref": "err_c0dbd500"
  }
}
===== ANALYST laguna 2026-09-13 23:18:10 UTC =====
[91m[1mError: [0m{
  "name": "UnknownError",
  "data": {
    "message": "Unexpected server error. Check server logs for details.",
    "ref": "err_dc021c20"
  }
}
===== ANALYST laguna 2026-09-14 01:18:27 UTC =====
[91m[1mError: [0m{
  "name": "UnknownError",
  "data": {
    "message": "Unexpected server error. Check server logs for details.",
    "ref": "err_08302741"
  }
}
===== ANALYST laguna 2026-09-14 06:26:54 UTC =====
[91m[1mError: [0m{
  "name": "UnknownError",
  "data": {
    "message": "Unexpected server error. Check server logs for details.",
    "ref": "err_f3ea0942"
  }
}
===== ANALYST laguna 2026-09-14 13:22:35 UTC =====
[91m[1mError: [0m{
  "name": "UnknownError",
  "data": {
    "message": "Unexpected server error. Check server logs for details.",
    "ref": "err_33db5f26"
  }
}
===== ANALYST laguna 2026-09-14 19:02:12 UTC =====
[91m[1mError: [0m{
  "name": "UnknownError",
  "data": {
    "message": "Unexpected server error. Check server logs for details.",
    "ref": "err_ebe42b7f"
  }
}
===== ANALYST laguna 2026-09-14 22:19:22 UTC =====
[91m[1mError: [0m{
  "name": "UnknownError",
  "data": {
    "message": "Unexpected server error. Check server logs for details.",
    "ref": "err_27ab31dc"
  }
}
===== ANALYST laguna 2026-09-15 00:46:13 UTC =====
[91m[1mError: [0m{
  "name": "UnknownError",
  "data": {
    "message": "Unexpected server error. Check server logs for details.",
    "ref": "err_47f3e1d0"
  }
}
===== ANALYST laguna 2026-09-15 05:46:28 UTC =====
[91m[1mError: [0m{
  "name": "UnknownError",
  "data": {
    "message": "Unexpected server error. Check server logs for details.",
    "ref": "err_e4e0d642"
  }
}
===== ANALYST laguna 2026-09-15 11:05:41 UTC =====
[91m[1mError: [0m{
  "name": "UnknownError",
  "data": {
    "message": "Unexpected server error. Check server logs for details.",
    "ref": "err_594cfece"
  }
}
===== ANALYST laguna 2026-09-15 15:36:23 UTC =====
[91m[1mError: [0m{
  "name": "UnknownError",
  "data": {
    "message": "Unexpected server error. Check server logs for details.",
    "ref": "err_d69092d8"
  }
}
===== ANALYST laguna 2026-09-15 19:23:48 UTC =====
[91m[1mError: [0m{
  "name": "UnknownError",
  "data": {
    "message": "Unexpected server error. Check server logs for details.",
    "ref": "err_ea15a4dd"
  }
}
===== ANALYST laguna 2026-09-15 22:21:50 UTC =====
[91m[1mError: [0m{
  "name": "UnknownError",
  "data": {
    "message": "Unexpected server error. Check server logs for details.",
    "ref": "err_d9231cd9"
  }
}
===== ANALYST laguna 2026-09-16 00:29:10 UTC =====
[91m[1mError: [0m{
  "name": "UnknownError",
  "data": {
    "message": "Unexpected server error. Check server logs for details.",
    "ref": "err_97d07e37"
  }
}
===== ANALYST laguna 2026-09-16 05:13:28 UTC =====
[91m[1mError: [0m{
  "name": "UnknownError",
  "data": {
    "message": "Unexpected server error. Check server logs for details.",
    "ref": "err_927fe376"
  }
}
===== ANALYST laguna 2026-09-16 10:02:31 UTC =====
[91m[1mError: [0m{
  "name": "UnknownError",
  "data": {
    "message": "Unexpected server error. Check server logs for details.",
    "ref": "err_f33b2fe8"
  }
}
===== ANALYST laguna 2026-09-16 15:00:33 UTC =====
[91m[1mError: [0m{
  "name": "UnknownError",
  "data": {
    "message": "Unexpected server error. Check server logs for details.",
    "ref": "err_ee7254a9"
  }
}
===== ANALYST laguna 2026-09-16 18:56:56 UTC =====
[91m[1mError: [0m{
  "name": "UnknownError",
  "data": {
    "message": "Unexpected server error. Check server logs for details.",
    "ref": "err_47f79277"
  }
}
===== ANALYST laguna 2026-09-16 21:42:38 UTC =====
[91m[1mError: [0m{
  "name": "UnknownError",
  "data": {
    "message": "Unexpected server error. Check server logs for details.",
    "ref": "err_7442cf8c"
  }
}
===== ANALYST laguna 2026-09-17 00:03:01 UTC =====
[91m[1mError: [0m{
  "name": "UnknownError",
  "data": {
    "message": "Unexpected server error. Check server logs for details.",
    "ref": "err_87321a00"
  }
}
===== ANALYST laguna 2026-09-17 05:00:58 UTC =====
[91m[1mError: [0m{
  "name": "UnknownError",
  "data": {
    "message": "Unexpected server error. Check server logs for details.",
    "ref": "err_b7857f5b"
  }
}
===== ANALYST laguna 2026-09-17 09:55:11 UTC =====
[91m[1mError: [0m{
  "name": "UnknownError",
  "data": {
    "message": "Unexpected server error. Check server logs for details.",
    "ref": "err_bca26a18"
  }
}
===== ANALYST laguna 2026-09-17 14:42:26 UTC =====
[91m[1mError: [0m{
  "name": "UnknownError",
  "data": {
    "message": "Unexpected server error. Check server logs for details.",
    "ref": "err_51956403"
  }
}
===== ANALYST laguna 2026-09-17 18:34:19 UTC =====
[91m[1mError: [0m{
  "name": "UnknownError",
  "data": {
    "message": "Unexpected server error. Check server logs for details.",
    "ref": "err_98a86f15"
  }
}
===== ANALYST laguna 2026-09-17 21:44:27 UTC =====
[91m[1mError: [0m{
  "name": "UnknownError",
  "data": {
    "message": "Unexpected server error. Check server logs for details.",
    "ref": "err_2a2c6c7d"
  }
}
===== ANALYST laguna 2026-09-17 23:53:21 UTC =====
[91m[1mError: [0m{
  "name": "UnknownError",
  "data": {
    "message": "Unexpected server error. Check server logs for details.",
    "ref": "err_f9166883"
  }
}
===== ANALYST laguna 2026-09-18 02:51:08 UTC =====
[91m[1mError: [0m{
  "name": "UnknownError",
  "data": {
    "message": "Unexpected server error. Check server logs for details.",
    "ref": "err_60e3ef12"
  }
}
===== ANALYST laguna 2026-09-18 07:58:12 UTC =====
[91m[1mError: [0m{
  "name": "UnknownError",
  "data": {
    "message": "Unexpected server error. Check server logs for details.",
    "ref": "err_75a65abf"
  }
}
===== ANALYST laguna 2026-09-18 12:40:28 UTC =====
[91m[1mError: [0m{
  "name": "UnknownError",
  "data": {
    "message": "Unexpected server error. Check server logs for details.",
    "ref": "err_00cb1dc7"
  }
}
===== ANALYST laguna 2026-09-18 16:45:08 UTC =====
[91m[1mError: [0m{
  "name": "UnknownError",
  "data": {
    "message": "Unexpected server error. Check server logs for details.",
    "ref": "err_ac3dcabc"
  }
}
===== ANALYST laguna 2026-09-18 19:26:34 UTC =====
[91m[1mError: [0m{
  "name": "UnknownError",
  "data": {
    "message": "Unexpected server error. Check server logs for details.",
    "ref": "err_7529e73d"
  }
}
===== ANALYST laguna 2026-09-18 21:53:40 UTC =====
[91m[1mError: [0m{
  "name": "UnknownError",
  "data": {
    "message": "Unexpected server error. Check server logs for details.",
    "ref": "err_1e06151b"
  }
}
===== ANALYST laguna 2026-09-18 23:51:05 UTC =====
[91m[1mError: [0m{
  "name": "UnknownError",
  "data": {
    "message": "Unexpected server error. Check server logs for details.",
    "ref": "err_e5d71a85"
  }
}
===== ANALYST laguna 2026-09-19 02:47:29 UTC =====
[91m[1mError: [0m{
  "name": "UnknownError",
  "data": {
    "message": "Unexpected server error. Check server logs for details.",
    "ref": "err_436efb58"
  }
}
===== ANALYST laguna 2026-09-19 07:48:35 UTC =====
[91m[1mError: [0m{
  "name": "UnknownError",
  "data": {
    "message": "Unexpected server error. Check server logs for details.",
    "ref": "err_995260f7"
  }
}
===== ANALYST laguna 2026-09-19 12:16:36 UTC =====
[91m[1mError: [0m{
  "name": "UnknownError",
  "data": {
    "message": "Unexpected server error. Check server logs for details.",
    "ref": "err_a186afd6"
  }
}
