===== ANALYST longcat 2026-09-03 16:47:39 UTC =====
[91m[1mError: [0m{
  "name": "UnknownError",
  "data": {
    "message": "Unexpected server error. Check server logs for details.",
    "ref": "err_bfabc1bf"
  }
}
===== ANALYST longcat 2026-09-03 19:31:01 UTC =====
[91m[1mError: [0m{
  "name": "UnknownError",
  "data": {
    "message": "Unexpected server error. Check server logs for details.",
    "ref": "err_7e4c2029"
  }
}
===== ANALYST longcat 2026-09-03 21:56:14 UTC =====
[91m[1mError: [0m{
  "name": "UnknownError",
  "data": {
    "message": "Unexpected server error. Check server logs for details.",
    "ref": "err_e79c8857"
  }
}
===== ANALYST longcat 2026-09-03 23:48:44 UTC =====
[91m[1mError: [0m{
  "name": "UnknownError",
  "data": {
    "message": "Unexpected server error. Check server logs for details.",
    "ref": "err_8df4ae9d"
  }
}
===== ANALYST longcat 2026-09-04 02:39:13 UTC =====
[91m[1mError: [0m{
  "name": "UnknownError",
  "data": {
    "message": "Unexpected server error. Check server logs for details.",
    "ref": "err_a4ec4e72"
  }
}
===== ANALYST longcat 2026-09-04 07:33:52 UTC =====
[91m[1mError: [0m{
  "name": "UnknownError",
  "data": {
    "message": "Unexpected server error. Check server logs for details.",
    "ref": "err_e481c9dc"
  }
}
===== ANALYST longcat 2026-09-04 12:20:45 UTC =====
[91m[1mError: [0m{
  "name": "UnknownError",
  "data": {
    "message": "Unexpected server error. Check server logs for details.",
    "ref": "err_c85cf256"
  }
}
===== ANALYST longcat 2026-09-04 16:35:45 UTC =====
[91m[1mError: [0m{
  "name": "UnknownError",
  "data": {
    "message": "Unexpected server error. Check server logs for details.",
    "ref": "err_b890bfe2"
  }
}
===== ANALYST longcat 2026-09-04 19:22:01 UTC =====
[91m[1mError: [0m{
  "name": "UnknownError",
  "data": {
    "message": "Unexpected server error. Check server logs for details.",
    "ref": "err_a583c8a4"
  }
}
===== ANALYST longcat 2026-09-04 21:36:27 UTC =====
[91m[1mError: [0m{
  "name": "UnknownError",
  "data": {
    "message": "Unexpected server error. Check server logs for details.",
    "ref": "err_186f438b"
  }
}
===== ANALYST longcat 2026-09-04 23:17:56 UTC =====
[91m[1mError: [0m{
  "name": "UnknownError",
  "data": {
    "message": "Unexpected server error. Check server logs for details.",
    "ref": "err_606394f3"
  }
}
===== ANALYST longcat 2026-09-05 01:10:40 UTC =====
[91m[1mError: [0m{
  "name": "UnknownError",
  "data": {
    "message": "Unexpected server error. Check server logs for details.",
    "ref": "err_ce0df2d7"
  }
}
===== ANALYST longcat 2026-09-05 05:52:24 UTC =====
[91m[1mError: [0m{
  "name": "UnknownError",
  "data": {
    "message": "Unexpected server error. Check server logs for details.",
    "ref": "err_34806753"
  }
}
===== ANALYST longcat 2026-09-05 09:55:04 UTC =====
[91m[1mError: [0m{
  "name": "UnknownError",
  "data": {
    "message": "Unexpected server error. Check server logs for details.",
    "ref": "err_d9d82d75"
  }
}
===== ANALYST longcat 2026-09-05 13:20:03 UTC =====
[91m[1mError: [0m{
  "name": "UnknownError",
  "data": {
    "message": "Unexpected server error. Check server logs for details.",
    "ref": "err_ac2c965b"
  }
}
===== ANALYST longcat 2026-09-05 16:25:11 UTC =====
[91m[1mError: [0m{
  "name": "UnknownError",
  "data": {
    "message": "Unexpected server error. Check server logs for details.",
    "ref": "err_b0b4af8e"
  }
}
===== ANALYST longcat 2026-09-05 18:29:23 UTC =====
[91m[1mError: [0m{
  "name": "UnknownError",
  "data": {
    "message": "Unexpected server error. Check server logs for details.",
    "ref": "err_22b6a5b7"
  }
}
===== ANALYST longcat 2026-09-05 20:46:45 UTC =====
[91m[1mError: [0m{
  "name": "UnknownError",
  "data": {
    "message": "Unexpected server error. Check server logs for details.",
    "ref": "err_70edcced"
  }
}
===== ANALYST longcat 2026-09-05 22:40:15 UTC =====
[91m[1mError: [0m{
  "name": "UnknownError",
  "data": {
    "message": "Unexpected server error. Check server logs for details.",
    "ref": "err_3995c835"
  }
}
===== ANALYST longcat 2026-09-06 00:18:57 UTC =====
[91m[1mError: [0m{
  "name": "UnknownError",
  "data": {
    "message": "Unexpected server error. Check server logs for details.",
    "ref": "err_65a7858b"
  }
}
===== ANALYST longcat 2026-09-06 04:48:50 UTC =====
[91m[1mError: [0m{
  "name": "UnknownError",
  "data": {
    "message": "Unexpected server error. Check server logs for details.",
    "ref": "err_5c6ed3f9"
  }
}
===== ANALYST longcat 2026-09-06 09:11:58 UTC =====
[91m[1mError: [0m{
  "name": "UnknownError",
  "data": {
    "message": "Unexpected server error. Check server logs for details.",
    "ref": "err_a1086aad"
  }
}
===== ANALYST longcat 2026-09-06 12:57:34 UTC =====
[91m[1mError: [0m{
  "name": "UnknownError",
  "data": {
    "message": "Unexpected server error. Check server logs for details.",
    "ref": "err_ce32f6a0"
  }
}
===== ANALYST longcat 2026-09-06 16:13:10 UTC =====
[91m[1mError: [0m{
  "name": "UnknownError",
  "data": {
    "message": "Unexpected server error. Check server logs for details.",
    "ref": "err_9288743f"
  }
}
===== ANALYST longcat 2026-09-06 18:10:57 UTC =====
[91m[1mError: [0m{
  "name": "UnknownError",
  "data": {
    "message": "Unexpected server error. Check server logs for details.",
    "ref": "err_0daaa3ef"
  }
}
===== ANALYST longcat 2026-09-06 20:31:22 UTC =====
[91m[1mError: [0m{
  "name": "UnknownError",
  "data": {
    "message": "Unexpected server error. Check server logs for details.",
    "ref": "err_abab80c8"
  }
}
===== ANALYST longcat 2026-09-06 22:22:42 UTC =====
[91m[1mError: [0m{
  "name": "UnknownError",
  "data": {
    "message": "Unexpected server error. Check server logs for details.",
    "ref": "err_b6f9968f"
  }
}
===== ANALYST longcat 2026-09-07 00:06:42 UTC =====
[91m[1mError: [0m{
  "name": "UnknownError",
  "data": {
    "message": "Unexpected server error. Check server logs for details.",
    "ref": "err_e7f55628"
  }
}
===== ANALYST longcat 2026-09-07 04:51:00 UTC =====
[91m[1mError: [0m{
  "name": "UnknownError",
  "data": {
    "message": "Unexpected server error. Check server logs for details.",
    "ref": "err_f21ce250"
  }
}
===== ANALYST longcat 2026-09-07 10:02:18 UTC =====
[91m[1mError: [0m{
  "name": "UnknownError",
  "data": {
    "message": "Unexpected server error. Check server logs for details.",
    "ref": "err_519a9d88"
  }
}
===== ANALYST longcat 2026-09-07 15:34:53 UTC =====
[91m[1mError: [0m{
  "name": "UnknownError",
  "data": {
    "message": "Unexpected server error. Check server logs for details.",
    "ref": "err_27eacc1f"
  }
}
===== ANALYST longcat 2026-09-07 19:39:03 UTC =====
[91m[1mError: [0m{
  "name": "UnknownError",
  "data": {
    "message": "Unexpected server error. Check server logs for details.",
    "ref": "err_87cd7e6e"
  }
}
===== ANALYST longcat 2026-09-07 22:19:51 UTC =====
[91m[1mError: [0m{
  "name": "UnknownError",
  "data": {
    "message": "Unexpected server error. Check server logs for details.",
    "ref": "err_31667ed9"
  }
}
===== ANALYST longcat 2026-09-08 00:32:56 UTC =====
[91m[1mError: [0m{
  "name": "UnknownError",
  "data": {
    "message": "Unexpected server error. Check server logs for details.",
    "ref": "err_eef4cb8a"
  }
}
===== ANALYST longcat 2026-09-08 05:24:16 UTC =====
[91m[1mError: [0m{
  "name": "UnknownError",
  "data": {
    "message": "Unexpected server error. Check server logs for details.",
    "ref": "err_948b2dcb"
  }
}
===== ANALYST longcat 2026-09-08 09:52:04 UTC =====
[91m[1mError: [0m{
  "name": "UnknownError",
  "data": {
    "message": "Unexpected server error. Check server logs for details.",
    "ref": "err_4908a69f"
  }
}
===== ANALYST longcat 2026-09-08 14:12:07 UTC =====
[91m[1mError: [0m{
  "name": "UnknownError",
  "data": {
    "message": "Unexpected server error. Check server logs for details.",
    "ref": "err_280105c7"
  }
}
===== ANALYST longcat 2026-09-08 18:07:22 UTC =====
[91m[1mError: [0m{
  "name": "UnknownError",
  "data": {
    "message": "Unexpected server error. Check server logs for details.",
    "ref": "err_f95a059b"
  }
}
===== ANALYST longcat 2026-09-08 20:50:05 UTC =====
[91m[1mError: [0m{
  "name": "UnknownError",
  "data": {
    "message": "Unexpected server error. Check server logs for details.",
    "ref": "err_6510b715"
  }
}
===== ANALYST longcat 2026-09-08 23:13:13 UTC =====
[91m[1mError: [0m{
  "name": "UnknownError",
  "data": {
    "message": "Unexpected server error. Check server logs for details.",
    "ref": "err_19e78e40"
  }
}
===== ANALYST longcat 2026-09-09 01:32:29 UTC =====
[91m[1mError: [0m{
  "name": "UnknownError",
  "data": {
    "message": "Unexpected server error. Check server logs for details.",
    "ref": "err_7d2e2974"
  }
}
===== ANALYST longcat 2026-09-09 06:18:35 UTC =====
[91m[1mError: [0m{
  "name": "UnknownError",
  "data": {
    "message": "Unexpected server error. Check server logs for details.",
    "ref": "err_01d5ba50"
  }
}
===== ANALYST longcat 2026-09-09 11:47:32 UTC =====
[91m[1mError: [0m{
  "name": "UnknownError",
  "data": {
    "message": "Unexpected server error. Check server logs for details.",
    "ref": "err_bd882356"
  }
}
===== ANALYST longcat 2026-09-09 15:23:51 UTC =====
[91m[1mError: [0m{
  "name": "UnknownError",
  "data": {
    "message": "Unexpected server error. Check server logs for details.",
    "ref": "err_1b5b6c1e"
  }
}
===== ANALYST longcat 2026-09-09 18:41:59 UTC =====
[91m[1mError: [0m{
  "name": "UnknownError",
  "data": {
    "message": "Unexpected server error. Check server logs for details.",
    "ref": "err_45957901"
  }
}
===== ANALYST longcat 2026-09-09 21:31:43 UTC =====
[91m[1mError: [0m{
  "name": "UnknownError",
  "data": {
    "message": "Unexpected server error. Check server logs for details.",
    "ref": "err_c9c89bdf"
  }
}
===== ANALYST longcat 2026-09-09 23:32:50 UTC =====
[91m[1mError: [0m{
  "name": "UnknownError",
  "data": {
    "message": "Unexpected server error. Check server logs for details.",
    "ref": "err_9b8ba547"
  }
}
===== ANALYST longcat 2026-09-10 01:31:32 UTC =====
[91m[1mError: [0m{
  "name": "UnknownError",
  "data": {
    "message": "Unexpected server error. Check server logs for details.",
    "ref": "err_b7468c56"
  }
}
===== ANALYST longcat 2026-09-10 06:45:27 UTC =====
[91m[1mError: [0m{
  "name": "UnknownError",
  "data": {
    "message": "Unexpected server error. Check server logs for details.",
    "ref": "err_04437054"
  }
}
===== ANALYST longcat 2026-09-10 11:52:07 UTC =====
[91m[1mError: [0m{
  "name": "UnknownError",
  "data": {
    "message": "Unexpected server error. Check server logs for details.",
    "ref": "err_7ba6cae5"
  }
}
===== ANALYST longcat 2026-09-10 15:50:34 UTC =====
[91m[1mError: [0m{
  "name": "UnknownError",
  "data": {
    "message": "Unexpected server error. Check server logs for details.",
    "ref": "err_f7115953"
  }
}
===== ANALYST longcat 2026-09-10 18:56:35 UTC =====
[91m[1mError: [0m{
  "name": "UnknownError",
  "data": {
    "message": "Unexpected server error. Check server logs for details.",
    "ref": "err_03e0f950"
  }
}
===== ANALYST longcat 2026-09-10 21:22:08 UTC =====
[91m[1mError: [0m{
  "name": "UnknownError",
  "data": {
    "message": "Unexpected server error. Check server logs for details.",
    "ref": "err_f8198e1f"
  }
}
===== ANALYST longcat 2026-09-10 23:25:25 UTC =====
[91m[1mError: [0m{
  "name": "UnknownError",
  "data": {
    "message": "Unexpected server error. Check server logs for details.",
    "ref": "err_76ac385b"
  }
}
===== ANALYST longcat 2026-09-11 01:29:52 UTC =====
[91m[1mError: [0m{
  "name": "UnknownError",
  "data": {
    "message": "Unexpected server error. Check server logs for details.",
    "ref": "err_c600a03b"
  }
}
===== ANALYST longcat 2026-09-11 06:38:04 UTC =====
[91m[1mError: [0m{
  "name": "UnknownError",
  "data": {
    "message": "Unexpected server error. Check server logs for details.",
    "ref": "err_c3585df8"
  }
}
===== ANALYST longcat 2026-09-11 11:57:39 UTC =====
[91m[1mError: [0m{
  "name": "UnknownError",
  "data": {
    "message": "Unexpected server error. Check server logs for details.",
    "ref": "err_1a38b6f9"
  }
}
===== ANALYST longcat 2026-09-11 15:52:39 UTC =====
[91m[1mError: [0m{
  "name": "UnknownError",
  "data": {
    "message": "Unexpected server error. Check server logs for details.",
    "ref": "err_00911a07"
  }
}
===== ANALYST longcat 2026-09-11 19:06:14 UTC =====
[91m[1mError: [0m{
  "name": "UnknownError",
  "data": {
    "message": "Unexpected server error. Check server logs for details.",
    "ref": "err_3fea7927"
  }
}
===== ANALYST longcat 2026-09-11 21:37:12 UTC =====
[91m[1mError: [0m{
  "name": "UnknownError",
  "data": {
    "message": "Unexpected server error. Check server logs for details.",
    "ref": "err_2821e495"
  }
}
===== ANALYST longcat 2026-09-11 23:32:31 UTC =====
[91m[1mError: [0m{
  "name": "UnknownError",
  "data": {
    "message": "Unexpected server error. Check server logs for details.",
    "ref": "err_26175e6a"
  }
}
===== ANALYST longcat 2026-09-12 01:34:16 UTC =====
[91m[1mError: [0m{
  "name": "UnknownError",
  "data": {
    "message": "Unexpected server error. Check server logs for details.",
    "ref": "err_85901549"
  }
}
===== ANALYST longcat 2026-09-12 06:34:07 UTC =====
[91m[1mError: [0m{
  "name": "UnknownError",
  "data": {
    "message": "Unexpected server error. Check server logs for details.",
    "ref": "err_20301ffb"
  }
}
===== ANALYST longcat 2026-09-12 11:18:33 UTC =====
[91m[1mError: [0m{
  "name": "UnknownError",
  "data": {
    "message": "Unexpected server error. Check server logs for details.",
    "ref": "err_863e1936"
  }
}
===== ANALYST longcat 2026-09-12 14:18:12 UTC =====
[91m[1mError: [0m{
  "name": "UnknownError",
  "data": {
    "message": "Unexpected server error. Check server logs for details.",
    "ref": "err_64349879"
  }
}
===== ANALYST longcat 2026-09-12 17:20:34 UTC =====
[91m[1mError: [0m{
  "name": "UnknownError",
  "data": {
    "message": "Unexpected server error. Check server logs for details.",
    "ref": "err_af60f9dd"
  }
}
===== ANALYST longcat 2026-09-12 19:29:57 UTC =====
[91m[1mError: [0m{
  "name": "UnknownError",
  "data": {
    "message": "Unexpected server error. Check server logs for details.",
    "ref": "err_dee4f351"
  }
}
===== ANALYST longcat 2026-09-12 21:38:04 UTC =====
[91m[1mError: [0m{
  "name": "UnknownError",
  "data": {
    "message": "Unexpected server error. Check server logs for details.",
    "ref": "err_c4a66be2"
  }
}
===== ANALYST longcat 2026-09-12 23:20:14 UTC =====
[91m[1mError: [0m{
  "name": "UnknownError",
  "data": {
    "message": "Unexpected server error. Check server logs for details.",
    "ref": "err_e04b5f28"
  }
}
===== ANALYST longcat 2026-09-13 01:15:44 UTC =====
[91m[1mError: [0m{
  "name": "UnknownError",
  "data": {
    "message": "Unexpected server error. Check server logs for details.",
    "ref": "err_4b98deac"
  }
}
===== ANALYST longcat 2026-09-13 06:33:03 UTC =====
[91m[1mError: [0m{
  "name": "UnknownError",
  "data": {
    "message": "Unexpected server error. Check server logs for details.",
    "ref": "err_07e54361"
  }
}
===== ANALYST longcat 2026-09-13 12:05:34 UTC =====
[91m[1mError: [0m{
  "name": "UnknownError",
  "data": {
    "message": "Unexpected server error. Check server logs for details.",
    "ref": "err_1bb6424b"
  }
}
===== ANALYST longcat 2026-09-13 15:54:55 UTC =====
[91m[1mError: [0m{
  "name": "UnknownError",
  "data": {
    "message": "Unexpected server error. Check server logs for details.",
    "ref": "err_38ecf4e4"
  }
}
===== ANALYST longcat 2026-09-13 18:39:24 UTC =====
[91m[1mError: [0m{
  "name": "UnknownError",
  "data": {
    "message": "Unexpected server error. Check server logs for details.",
    "ref": "err_f2311675"
  }
}
===== ANALYST longcat 2026-09-13 21:13:52 UTC =====
[91m[1mError: [0m{
  "name": "UnknownError",
  "data": {
    "message": "Unexpected server error. Check server logs for details.",
    "ref": "err_5beb2c80"
  }
}
===== ANALYST longcat 2026-09-13 23:18:10 UTC =====
[91m[1mError: [0m{
  "name": "UnknownError",
  "data": {
    "message": "Unexpected server error. Check server logs for details.",
    "ref": "err_f5d91234"
  }
}
===== ANALYST longcat 2026-09-14 01:18:27 UTC =====
[91m[1mError: [0m{
  "name": "UnknownError",
  "data": {
    "message": "Unexpected server error. Check server logs for details.",
    "ref": "err_300273bd"
  }
}
===== ANALYST longcat 2026-09-14 06:26:54 UTC =====
[91m[1mError: [0m{
  "name": "UnknownError",
  "data": {
    "message": "Unexpected server error. Check server logs for details.",
    "ref": "err_f4a7e5fc"
  }
}
===== ANALYST longcat 2026-09-14 13:22:35 UTC =====
[91m[1mError: [0m{
  "name": "UnknownError",
  "data": {
    "message": "Unexpected server error. Check server logs for details.",
    "ref": "err_d1dec259"
  }
}
===== ANALYST longcat 2026-09-14 19:02:12 UTC =====
[91m[1mError: [0m{
  "name": "UnknownError",
  "data": {
    "message": "Unexpected server error. Check server logs for details.",
    "ref": "err_208e6f5a"
  }
}
===== ANALYST longcat 2026-09-14 22:19:22 UTC =====
[91m[1mError: [0m{
  "name": "UnknownError",
  "data": {
    "message": "Unexpected server error. Check server logs for details.",
    "ref": "err_898c87fb"
  }
}
===== ANALYST longcat 2026-09-15 00:46:13 UTC =====
[91m[1mError: [0m{
  "name": "UnknownError",
  "data": {
    "message": "Unexpected server error. Check server logs for details.",
    "ref": "err_5e8ebbd6"
  }
}
===== ANALYST longcat 2026-09-15 05:46:28 UTC =====
[91m[1mError: [0m{
  "name": "UnknownError",
  "data": {
    "message": "Unexpected server error. Check server logs for details.",
    "ref": "err_2d784250"
  }
}
===== ANALYST longcat 2026-09-15 11:05:41 UTC =====
[91m[1mError: [0m{
  "name": "UnknownError",
  "data": {
    "message": "Unexpected server error. Check server logs for details.",
    "ref": "err_f6480489"
  }
}
===== ANALYST longcat 2026-09-15 15:36:23 UTC =====
[91m[1mError: [0m{
  "name": "UnknownError",
  "data": {
    "message": "Unexpected server error. Check server logs for details.",
    "ref": "err_bdb71fa3"
  }
}
===== ANALYST longcat 2026-09-15 19:23:48 UTC =====
[91m[1mError: [0m{
  "name": "UnknownError",
  "data": {
    "message": "Unexpected server error. Check server logs for details.",
    "ref": "err_ff708ac5"
  }
}
===== ANALYST longcat 2026-09-15 22:21:50 UTC =====
[91m[1mError: [0m{
  "name": "UnknownError",
  "data": {
    "message": "Unexpected server error. Check server logs for details.",
    "ref": "err_f4fbbc66"
  }
}
===== ANALYST longcat 2026-09-16 00:29:10 UTC =====
[91m[1mError: [0m{
  "name": "UnknownError",
  "data": {
    "message": "Unexpected server error. Check server logs for details.",
    "ref": "err_b0fcf8e3"
  }
}
===== ANALYST longcat 2026-09-16 05:13:28 UTC =====
[91m[1mError: [0m{
  "name": "UnknownError",
  "data": {
    "message": "Unexpected server error. Check server logs for details.",
    "ref": "err_e4dc2ba6"
  }
}
===== ANALYST longcat 2026-09-16 10:02:31 UTC =====
[91m[1mError: [0m{
  "name": "UnknownError",
  "data": {
    "message": "Unexpected server error. Check server logs for details.",
    "ref": "err_d63e4f91"
  }
}
===== ANALYST longcat 2026-09-16 15:00:33 UTC =====
[91m[1mError: [0m{
  "name": "UnknownError",
  "data": {
    "message": "Unexpected server error. Check server logs for details.",
    "ref": "err_9eec1fe1"
  }
}
===== ANALYST longcat 2026-09-16 18:56:56 UTC =====
[91m[1mError: [0m{
  "name": "UnknownError",
  "data": {
    "message": "Unexpected server error. Check server logs for details.",
    "ref": "err_15bd4c84"
  }
}
===== ANALYST longcat 2026-09-16 21:42:38 UTC =====
[91m[1mError: [0m{
  "name": "UnknownError",
  "data": {
    "message": "Unexpected server error. Check server logs for details.",
    "ref": "err_41e4d657"
  }
}
===== ANALYST longcat 2026-09-17 00:03:01 UTC =====
[91m[1mError: [0m{
  "name": "UnknownError",
  "data": {
    "message": "Unexpected server error. Check server logs for details.",
    "ref": "err_6fb3003f"
  }
}
===== ANALYST longcat 2026-09-17 05:00:58 UTC =====
[91m[1mError: [0m{
  "name": "UnknownError",
  "data": {
    "message": "Unexpected server error. Check server logs for details.",
    "ref": "err_371537e4"
  }
}
===== ANALYST longcat 2026-09-17 09:55:11 UTC =====
[91m[1mError: [0m{
  "name": "UnknownError",
  "data": {
    "message": "Unexpected server error. Check server logs for details.",
    "ref": "err_72d8d969"
  }
}
===== ANALYST longcat 2026-09-17 14:42:26 UTC =====
[91m[1mError: [0m{
  "name": "UnknownError",
  "data": {
    "message": "Unexpected server error. Check server logs for details.",
    "ref": "err_a09fe9d3"
  }
}
===== ANALYST longcat 2026-09-17 18:34:19 UTC =====
[91m[1mError: [0m{
  "name": "UnknownError",
  "data": {
    "message": "Unexpected server error. Check server logs for details.",
    "ref": "err_a336f3d0"
  }
}
===== ANALYST longcat 2026-09-17 21:44:27 UTC =====
[91m[1mError: [0m{
  "name": "UnknownError",
  "data": {
    "message": "Unexpected server error. Check server logs for details.",
    "ref": "err_8a30f0ff"
  }
}
===== ANALYST longcat 2026-09-17 23:53:21 UTC =====
[91m[1mError: [0m{
  "name": "UnknownError",
  "data": {
    "message": "Unexpected server error. Check server logs for details.",
    "ref": "err_e838d14f"
  }
}
===== ANALYST longcat 2026-09-18 02:51:08 UTC =====
[91m[1mError: [0m{
  "name": "UnknownError",
  "data": {
    "message": "Unexpected server error. Check server logs for details.",
    "ref": "err_adf7cfc6"
  }
}
===== ANALYST longcat 2026-09-18 07:58:12 UTC =====
[91m[1mError: [0m{
  "name": "UnknownError",
  "data": {
    "message": "Unexpected server error. Check server logs for details.",
    "ref": "err_a95fdad3"
  }
}
===== ANALYST longcat 2026-09-18 12:40:28 UTC =====
[91m[1mError: [0m{
  "name": "UnknownError",
  "data": {
    "message": "Unexpected server error. Check server logs for details.",
    "ref": "err_0a56bf3f"
  }
}
===== ANALYST longcat 2026-09-18 16:45:08 UTC =====
[91m[1mError: [0m{
  "name": "UnknownError",
  "data": {
    "message": "Unexpected server error. Check server logs for details.",
    "ref": "err_a2223ca5"
  }
}
===== ANALYST longcat 2026-09-18 19:26:34 UTC =====
[91m[1mError: [0m{
  "name": "UnknownError",
  "data": {
    "message": "Unexpected server error. Check server logs for details.",
    "ref": "err_aeabd51f"
  }
}
===== ANALYST longcat 2026-09-18 21:53:40 UTC =====
[91m[1mError: [0m{
  "name": "UnknownError",
  "data": {
    "message": "Unexpected server error. Check server logs for details.",
    "ref": "err_420fbb36"
  }
}
===== ANALYST longcat 2026-09-18 23:51:05 UTC =====
[91m[1mError: [0m{
  "name": "UnknownError",
  "data": {
    "message": "Unexpected server error. Check server logs for details.",
    "ref": "err_2126431b"
  }
}
===== ANALYST longcat 2026-09-19 02:47:29 UTC =====
[91m[1mError: [0m{
  "name": "UnknownError",
  "data": {
    "message": "Unexpected server error. Check server logs for details.",
    "ref": "err_4f734924"
  }
}
===== ANALYST longcat 2026-09-19 07:48:35 UTC =====
[91m[1mError: [0m{
  "name": "UnknownError",
  "data": {
    "message": "Unexpected server error. Check server logs for details.",
    "ref": "err_7b2198f2"
  }
}
===== ANALYST longcat 2026-09-19 12:16:36 UTC =====
[91m[1mError: [0m{
  "name": "UnknownError",
  "data": {
    "message": "Unexpected server error. Check server logs for details.",
    "ref": "err_e37a74cc"
  }
}
